[preview.colorlib.com/theme/calvin/index.html]
[backblue.gif]
[fade.gif]
[index.html]
[preview.colorlib.com/theme/calvin/site.webmanifest]
[preview.colorlib.com/theme/calvin/assets/img/favicon.ico]
[preview.colorlib.com/theme/calvin/assets/css/bootstrap.min.css]
[preview.colorlib.com/theme/calvin/assets/css/owl.carousel.min.css]
[preview.colorlib.com/theme/calvin/assets/css/slicknav.css]
[preview.colorlib.com/theme/calvin/assets/css/progressbar_barfiller.css]
[preview.colorlib.com/theme/calvin/assets/css/gijgo.css]
[preview.colorlib.com/theme/calvin/assets/css/animate.min.css]
[preview.colorlib.com/theme/calvin/assets/css/animated-headline.css]
[preview.colorlib.com/theme/calvin/assets/css/magnific-popup.css]
[preview.colorlib.com/theme/calvin/assets/css/fontawesome-all.min.css]
[preview.colorlib.com/theme/calvin/assets/css/themify-icons.css]
[preview.colorlib.com/theme/calvin/assets/css/slick.css]
[preview.colorlib.com/theme/calvin/assets/css/nice-select.css]
[preview.colorlib.com/theme/calvin/assets/css/style.css]
[preview.colorlib.com/theme/calvin/assets/img/logo/loder.png]
[preview.colorlib.com/theme/calvin/assets/img/logo/logo.png]
[preview.colorlib.com/theme/calvin/work.html]
[preview.colorlib.com/theme/calvin/service.html]
[preview.colorlib.com/theme/calvin/blog.html]
[preview.colorlib.com/theme/calvin/blog_details.html]
[preview.colorlib.com/theme/calvin/elements.html]
[preview.colorlib.com/theme/calvin/contact.html]
[preview.colorlib.com/theme/calvin/assets/img/hero/empolye.png]
[preview.colorlib.com/theme/calvin/assets/img/gallery/email-icon.png]
[preview.colorlib.com/theme/calvin/assets/img/icon/services1.svg]
[preview.colorlib.com/theme/calvin/assets/img/icon/services2.svg]
[preview.colorlib.com/theme/calvin/assets/img/icon/services3.svg]
[preview.colorlib.com/theme/calvin/assets/img/icon/services4.svg]
[preview.colorlib.com/theme/calvin/assets/img/gallery/gallery1.png]
[preview.colorlib.com/theme/calvin/assets/img/gallery/gallery2.png]
[preview.colorlib.com/theme/calvin/assets/img/gallery/gallery3.png]
[preview.colorlib.com/theme/calvin/assets/img/gallery/gallery4.png]
[preview.colorlib.com/theme/calvin/assets/img/gallery/brand1.png]
[preview.colorlib.com/theme/calvin/assets/img/gallery/brand2.png]
[preview.colorlib.com/theme/calvin/assets/img/gallery/brand3.png]
[preview.colorlib.com/theme/calvin/assets/img/gallery/brand4.png]
[preview.colorlib.com/theme/calvin/assets/img/gallery/brand5.png]
[preview.colorlib.com/theme/calvin/assets/img/gallery/brand6.png]
[preview.colorlib.com/theme/calvin/assets/img/icon/testimonial.png]
[preview.colorlib.com/theme/calvin/assets/img/gallery/home-blog1.png]
[preview.colorlib.com/theme/calvin/assets/img/gallery/home-blog2.png]
[preview.colorlib.com/theme/calvin/assets/img/logo/logo2_footer.png]
[preview.colorlib.com/cdn-cgi/scripts/5c5dd728/cloudflare-static/email-decode.min.js]
[preview.colorlib.com/theme/calvin/assets/js/vendor/modernizr-3.5.0.min.js]
[preview.colorlib.com/theme/calvin/assets/js/vendor/jquery-1.12.4.min.js]
[preview.colorlib.com/theme/calvin/assets/js/popper.min.js]
[preview.colorlib.com/theme/calvin/assets/js/bootstrap.min.js]
[preview.colorlib.com/theme/calvin/assets/js/owl.carousel.min.js]
[preview.colorlib.com/theme/calvin/assets/js/slick.min.js]
[preview.colorlib.com/theme/calvin/assets/js/jquery.slicknav.min.js]
[preview.colorlib.com/theme/calvin/assets/js/jquery.nice-select.min.js]
[preview.colorlib.com/theme/calvin/assets/js/wow.min.js]
[preview.colorlib.com/theme/calvin/assets/js/animated.headline.js]
[preview.colorlib.com/theme/calvin/assets/js/jquery.magnific-popup.js]
[preview.colorlib.com/theme/calvin/assets/js/jquery.barfiller.js]
[preview.colorlib.com/theme/calvin/assets/js/jquery.counterup.min.js]
[preview.colorlib.com/theme/calvin/assets/js/waypoints.min.js]
[preview.colorlib.com/theme/calvin/assets/js/jquery.countdown.min.js]
[preview.colorlib.com/theme/calvin/assets/js/hover-direction-snake.min.js]
[preview.colorlib.com/theme/calvin/assets/js/contact.js]
[preview.colorlib.com/theme/calvin/assets/js/jquery.form.js]
[preview.colorlib.com/theme/calvin/assets/js/jquery.validate.min.js]
[preview.colorlib.com/theme/calvin/assets/js/mail-script.js]
[preview.colorlib.com/theme/calvin/assets/js/jquery.ajaxchimp.min.js]
[preview.colorlib.com/theme/calvin/assets/js/plugins.js]
[preview.colorlib.com/theme/calvin/index.html]
[preview.colorlib.com/theme/calvin/site.html]
[preview.colorlib.com/theme/calvin/assets/css/bootstrap.min.css]
[preview.colorlib.com/theme/calvin/assets/css/owl.carousel.min.css]
[preview.colorlib.com/theme/calvin/assets/css/slicknav.css]
[preview.colorlib.com/theme/calvin/assets/css/progressbar_barfiller.css]
[preview.colorlib.com/theme/calvin/assets/js/main.js]
[preview.colorlib.com/theme/calvin/assets/fonts/gijgo-materialba15.eot]
[preview.colorlib.com/theme/calvin/assets/fonts/gijgo-materialba15.ttf]
[preview.colorlib.com/theme/calvin/assets/fonts/gijgo-materialba15.woff]
[preview.colorlib.com/theme/calvin/assets/css/gijgo.css]
[preview.colorlib.com/theme/calvin/assets/css/animate.min.css]
[preview.colorlib.com/theme/calvin/assets/css/animated-headline.css]
[preview.colorlib.com/theme/calvin/assets/css/magnific-popup.css]
[preview.colorlib.com/theme/calvin/assets/fonts/gijgo-materialba15.svg]
[preview.colorlib.com/theme/calvin/assets/fonts/fa-brands-400.eot]
[preview.colorlib.com/theme/calvin/assets/fonts/fa-brands-400d41d.eot]
[preview.colorlib.com/theme/calvin/assets/fonts/fa-brands-400.woff2]
[preview.colorlib.com/theme/calvin/assets/fonts/fa-brands-400.woff]
[preview.colorlib.com/theme/calvin/assets/fonts/fa-brands-400.ttf]
[preview.colorlib.com/theme/calvin/assets/fonts/fa-brands-400.svg]
[preview.colorlib.com/theme/calvin/assets/fonts/fa-regular-400.eot]
[preview.colorlib.com/theme/calvin/assets/fonts/fa-regular-400d41d.eot]
[preview.colorlib.com/theme/calvin/assets/fonts/fa-regular-400.woff2]
[preview.colorlib.com/theme/calvin/assets/fonts/fa-regular-400.woff]
[preview.colorlib.com/theme/calvin/assets/fonts/fa-regular-400.ttf]
[preview.colorlib.com/theme/calvin/assets/fonts/fa-regular-400.svg]
[preview.colorlib.com/theme/calvin/assets/fonts/fa-solid-900.eot]
[preview.colorlib.com/theme/calvin/assets/fonts/fa-solid-900d41d.eot]
[preview.colorlib.com/theme/calvin/assets/fonts/fa-solid-900.woff2]
[preview.colorlib.com/theme/calvin/assets/fonts/fa-solid-900.woff]
[preview.colorlib.com/theme/calvin/assets/css/fontawesome-all.min.css]
[preview.colorlib.com/theme/calvin/assets/fonts/fa-solid-900.ttf]
[preview.colorlib.com/theme/calvin/assets/fonts/themify9f24.eot]
[preview.colorlib.com/theme/calvin/assets/fonts/fa-solid-900.svg]
[preview.colorlib.com/theme/calvin/assets/fonts/themifyd41d.eot]
[preview.colorlib.com/theme/calvin/assets/fonts/themify9f24.woff]
[preview.colorlib.com/theme/calvin/assets/fonts/themify9f24.ttf]
[preview.colorlib.com/theme/calvin/assets/css/themify-icons.css]
[preview.colorlib.com/theme/calvin/assets/css/slick.css]
[preview.colorlib.com/theme/calvin/assets/css/nice-select.css]
[preview.colorlib.com/theme/calvin/assets/fonts/themify9f24.svg]
[preview.colorlib.com/theme/calvin/assets/img/hero/h1_hero.png]
[preview.colorlib.com/theme/calvin/assets/img/hero/hero2.png]
[preview.colorlib.com/theme/calvin/assets/img/elements/primary-check.png]
[preview.colorlib.com/theme/calvin/assets/img/elements/success-check.png]
[preview.colorlib.com/theme/calvin/assets/img/elements/disabled-check.png]
[preview.colorlib.com/theme/calvin/assets/img/elements/primary-radio.png]
[preview.colorlib.com/theme/calvin/assets/img/elements/success-radio.png]
[preview.colorlib.com/theme/calvin/assets/img/elements/disabled-radio.png]
[preview.colorlib.com/theme/calvin/assets/css/style.css]
[preview.colorlib.com/cdn-cgi/zaraz/sd0d9.js]
[preview.colorlib.com/theme/calvin/work.html]
[preview.colorlib.com/theme/calvin/service.html]
[preview.colorlib.com/theme/calvin/assets/img/blog/single_blog_1.png]
[preview.colorlib.com/theme/calvin/assets/img/blog/single_blog_2.png]
[preview.colorlib.com/theme/calvin/assets/img/blog/single_blog_3.png]
[preview.colorlib.com/theme/calvin/assets/img/blog/single_blog_4.png]
[preview.colorlib.com/theme/calvin/assets/img/blog/single_blog_5.png]
[preview.colorlib.com/theme/calvin/assets/img/post/post_1.png]
[preview.colorlib.com/theme/calvin/assets/img/post/post_2.png]
[preview.colorlib.com/theme/calvin/assets/img/post/post_3.png]
[preview.colorlib.com/theme/calvin/assets/img/post/post_4.png]
[preview.colorlib.com/theme/calvin/assets/img/post/post_5.png]
[preview.colorlib.com/theme/calvin/assets/img/post/post_6.png]
[preview.colorlib.com/theme/calvin/assets/img/post/post_7.png]
[preview.colorlib.com/theme/calvin/assets/img/post/post_8.png]
[preview.colorlib.com/theme/calvin/assets/img/post/post_9.png]
[preview.colorlib.com/theme/calvin/assets/img/post/post_10.png]
[preview.colorlib.com/theme/calvin/blog.html]
[preview.colorlib.com/theme/calvin/assets/img/post/preview.png]
[preview.colorlib.com/theme/calvin/assets/img/post/next.png]
[preview.colorlib.com/theme/calvin/assets/img/blog/author.png]
[preview.colorlib.com/theme/calvin/assets/img/blog/comment_1.png]
[preview.colorlib.com/theme/calvin/assets/img/blog/comment_2.png]
[preview.colorlib.com/theme/calvin/assets/img/blog/comment_3.png]
[preview.colorlib.com/theme/calvin/blog_details.html]
[preview.colorlib.com/theme/calvin/assets/img/elements/d.jpg]
[preview.colorlib.com/theme/calvin/assets/img/elements/f1.jpg]
[preview.colorlib.com/theme/calvin/assets/img/elements/f2.jpg]
[preview.colorlib.com/theme/calvin/assets/img/elements/f3.jpg]
[preview.colorlib.com/theme/calvin/assets/img/elements/f4.jpg]
[preview.colorlib.com/theme/calvin/assets/img/elements/f5.jpg]
[preview.colorlib.com/theme/calvin/assets/img/elements/f6.jpg]
[preview.colorlib.com/theme/calvin/assets/img/elements/f7.jpg]
[preview.colorlib.com/theme/calvin/assets/img/elements/f8.jpg]
[preview.colorlib.com/theme/calvin/assets/img/elements/g1.jpg]
[preview.colorlib.com/theme/calvin/assets/img/elements/g2.jpg]
[preview.colorlib.com/theme/calvin/assets/img/elements/g3.jpg]
[preview.colorlib.com/theme/calvin/assets/img/elements/g4.jpg]
[preview.colorlib.com/theme/calvin/assets/img/elements/g5.jpg]
[preview.colorlib.com/theme/calvin/assets/img/elements/g6.jpg]
[preview.colorlib.com/theme/calvin/assets/img/elements/g7.jpg]
[preview.colorlib.com/theme/calvin/assets/img/elements/g8.jpg]
[preview.colorlib.com/theme/calvin/elements.html]
[preview.colorlib.com/theme/calvin/_https_/maps.gstatic.com/mapfiles/openhand_8_8.cur_]
[maps.gstatic.com/mapfiles/api-3/images/google_white5.png]
[preview.colorlib.com/theme/calvin/contact.html]
[preview.colorlib.com/theme/calvin/assets/img/icon/services1.svg]
[preview.colorlib.com/theme/calvin/assets/img/icon/services2.svg]
[preview.colorlib.com/theme/calvin/assets/img/icon/services3.svg]
[preview.colorlib.com/theme/calvin/assets/img/icon/services4.svg]
[preview.colorlib.com/theme/calvin/assets/fonts/gijgo-materialba15.svg]
[preview.colorlib.com/theme/calvin/assets/fonts/fa-brands-400.svg]
[preview.colorlib.com/theme/calvin/assets/fonts/fa-regular-400.svg]
[preview.colorlib.com/theme/calvin/assets/fonts/fa-solid-900.svg]
[preview.colorlib.com/theme/calvin/assets/fonts/themify9f24.svg]
[preview.colorlib.com/theme/calvin/_https_/maps.gstatic.com/mapfiles/openhand_8_8.html]
